// Jest Snapshot v1, https://goo.gl/fbAQLP

exports[`productListing renders list of products with items in cart 1`] = `
<ul>
  <Product
    item="1"
  />
  <Product
    item="2"
  />
  <Product
    item="3"
  />
</ul>
`;

exports[`productListing renders null with no items in cart 1`] = `null`;
