// Jest Snapshot v1, https://goo.gl/fbAQLP

exports[`AccountInformationPage renders form error 1`] = `
<div
  className="root"
>
  <h1
    className="title"
  >
    Account Information
  </h1>
  <p
    className="root"
  >
    Something went wrong. Please refresh and try again.
  </p>
</div>
`;
